2025-10-29 10:45:30.063 [background-preinit] INFO  [gateway-service,,] o.h.validator.internal.util.Version - HV000001: Hibernate Validator 8.0.3.Final
2025-10-29 10:45:30.155 [main] INFO  [gateway-service,,] c.d.g.GatewayServiceApplication - Starting GatewayServiceApplication using Java 17.0.12 with PID 4660 (C:\Users\abdul\IdeaProjects\task-manager-app\backend\gateway-service\target\classes started by abdul in C:\Users\abdul\IdeaProjects\task-manager-app\backend)
2025-10-29 10:45:30.157 [main] INFO  [gateway-service,,] c.d.g.GatewayServiceApplication - No active profile set, falling back to 1 default profile: "default"
2025-10-29 10:45:33.754 [main] INFO  [gateway-service,,] o.s.cloud.context.scope.GenericScope - BeanFactory id=ea819a09-1752-3440-b208-ac47d88fc7a1
2025-10-29 10:45:35.794 [main] INFO  [gateway-service,,] o.s.b.a.s.r.ReactiveUserDetailsServiceAutoConfiguration - 

Using generated security password: 01d77895-33cc-424d-b7d9-0b85340d0f27

2025-10-29 10:45:36.169 [main] WARN  [gateway-service,,] o.s.c.g.c.GatewayClassPathWarningAutoConfiguration - 

**********************************************************

The artifact spring-cloud-gateway-server is deprecated. It will be removed in the next major release. Please add spring-cloud-gateway-server-webflux dependency.

**********************************************************


2025-10-29 10:45:36.708 [main] INFO  [gateway-service,,] o.s.c.g.r.RouteDefinitionRouteLocator - Loaded RoutePredicateFactory [After]
2025-10-29 10:45:36.709 [main] INFO  [gateway-service,,] o.s.c.g.r.RouteDefinitionRouteLocator - Loaded RoutePredicateFactory [Before]
2025-10-29 10:45:36.709 [main] INFO  [gateway-service,,] o.s.c.g.r.RouteDefinitionRouteLocator - Loaded RoutePredicateFactory [Between]
2025-10-29 10:45:36.709 [main] INFO  [gateway-service,,] o.s.c.g.r.RouteDefinitionRouteLocator - Loaded RoutePredicateFactory [Cookie]
2025-10-29 10:45:36.709 [main] INFO  [gateway-service,,] o.s.c.g.r.RouteDefinitionRouteLocator - Loaded RoutePredicateFactory [Header]
2025-10-29 10:45:36.709 [main] INFO  [gateway-service,,] o.s.c.g.r.RouteDefinitionRouteLocator - Loaded RoutePredicateFactory [Host]
2025-10-29 10:45:36.710 [main] INFO  [gateway-service,,] o.s.c.g.r.RouteDefinitionRouteLocator - Loaded RoutePredicateFactory [Method]
2025-10-29 10:45:36.710 [main] INFO  [gateway-service,,] o.s.c.g.r.RouteDefinitionRouteLocator - Loaded RoutePredicateFactory [Path]
2025-10-29 10:45:36.710 [main] INFO  [gateway-service,,] o.s.c.g.r.RouteDefinitionRouteLocator - Loaded RoutePredicateFactory [Query]
2025-10-29 10:45:36.710 [main] INFO  [gateway-service,,] o.s.c.g.r.RouteDefinitionRouteLocator - Loaded RoutePredicateFactory [ReadBody]
2025-10-29 10:45:36.710 [main] INFO  [gateway-service,,] o.s.c.g.r.RouteDefinitionRouteLocator - Loaded RoutePredicateFactory [RemoteAddr]
2025-10-29 10:45:36.710 [main] INFO  [gateway-service,,] o.s.c.g.r.RouteDefinitionRouteLocator - Loaded RoutePredicateFactory [XForwardedRemoteAddr]
2025-10-29 10:45:36.710 [main] INFO  [gateway-service,,] o.s.c.g.r.RouteDefinitionRouteLocator - Loaded RoutePredicateFactory [Weight]
2025-10-29 10:45:36.710 [main] INFO  [gateway-service,,] o.s.c.g.r.RouteDefinitionRouteLocator - Loaded RoutePredicateFactory [CloudFoundryRouteService]
2025-10-29 10:45:37.194 [main] INFO  [gateway-service,,] o.s.b.a.e.web.EndpointLinksResolver - Exposing 1 endpoint beneath base path '/actuator'
2025-10-29 10:45:37.509 [main] INFO  [gateway-service,,] o.s.c.n.e.c.DiscoveryClientOptionalArgsConfiguration - Eureka HTTP Client uses RestTemplate.
2025-10-29 10:45:37.531 [main] WARN  [gateway-service,,] o.s.c.g.s.w.s.StarterDeprecatedAutoConfiguration - 

**********************************************************

spring-cloud-starter-gateway is deprecated. It will be removed in the next major release. Please use spring-cloud-starter-gateway-server-webflux instead.

**********************************************************


2025-10-29 10:45:37.540 [main] WARN  [gateway-service,,] o.s.c.l.c.LoadBalancerCacheAutoConfiguration$LoadBalancerCaffeineWarnLogger - Spring Cloud LoadBalancer is currently working with the default cache. While this cache implementation is useful for development and tests, it's recommended to use Caffeine cache in production.You can switch to using Caffeine cache, by adding it and org.springframework.cache.caffeine.CaffeineCacheManager to the classpath.
2025-10-29 10:45:37.618 [main] INFO  [gateway-service,,] o.s.c.n.eureka.InstanceInfoFactory - Setting initial instance status as: STARTING
2025-10-29 10:45:37.643 [main] INFO  [gateway-service,,] c.netflix.discovery.DiscoveryClient - Initializing Eureka in region us-east-1
2025-10-29 10:45:37.649 [main] INFO  [gateway-service,,] c.n.d.s.r.aws.ConfigClusterResolver - Resolving eureka endpoints via configuration
2025-10-29 10:45:37.662 [main] INFO  [gateway-service,,] c.netflix.discovery.DiscoveryClient - Disable delta property : false
2025-10-29 10:45:37.663 [main] INFO  [gateway-service,,] c.netflix.discovery.DiscoveryClient - Single vip registry refresh property : null
2025-10-29 10:45:37.663 [main] INFO  [gateway-service,,] c.netflix.discovery.DiscoveryClient - Force full registry fetch : false
2025-10-29 10:45:37.663 [main] INFO  [gateway-service,,] c.netflix.discovery.DiscoveryClient - Application is null : false
2025-10-29 10:45:37.663 [main] INFO  [gateway-service,,] c.netflix.discovery.DiscoveryClient - Registered Applications size is zero : true
2025-10-29 10:45:37.663 [main] INFO  [gateway-service,,] c.netflix.discovery.DiscoveryClient - Application version is -1: true
2025-10-29 10:45:37.663 [main] INFO  [gateway-service,,] c.netflix.discovery.DiscoveryClient - Getting all instance registry info from the eureka server
2025-10-29 10:45:38.046 [main] INFO  [gateway-service,,] c.netflix.discovery.DiscoveryClient - The response status is 200
2025-10-29 10:45:38.047 [main] INFO  [gateway-service,,] c.netflix.discovery.DiscoveryClient - Starting heartbeat executor: renew interval is: 30
2025-10-29 10:45:38.049 [main] INFO  [gateway-service,,] c.n.discovery.InstanceInfoReplicator - InstanceInfoReplicator onDemand update allowed rate per min is 4
2025-10-29 10:45:38.051 [main] INFO  [gateway-service,,] c.netflix.discovery.DiscoveryClient - Discovery Client initialized at timestamp 1761716738050 with initial instances count: 0
2025-10-29 10:45:38.054 [main] INFO  [gateway-service,,] o.s.c.n.e.s.EurekaServiceRegistry - Registering application GATEWAY-SERVICE with eureka with status UP
2025-10-29 10:45:38.055 [main] INFO  [gateway-service,,] c.netflix.discovery.DiscoveryClient - Saw local status change event StatusChangeEvent [timestamp=1761716738055, current=UP, previous=STARTING]
2025-10-29 10:45:38.056 [DiscoveryClient-InstanceInfoReplicator-%d] INFO  [gateway-service,,] c.netflix.discovery.DiscoveryClient - DiscoveryClient_GATEWAY-SERVICE/192.168.10.7:gateway-service:9093: registering service...
2025-10-29 10:45:38.120 [DiscoveryClient-InstanceInfoReplicator-%d] INFO  [gateway-service,,] c.netflix.discovery.DiscoveryClient - DiscoveryClient_GATEWAY-SERVICE/192.168.10.7:gateway-service:9093 - registration status: 204
2025-10-29 10:45:38.273 [main] INFO  [gateway-service,,] o.s.b.w.e.netty.NettyWebServer - Netty started on port 9093 (http)
2025-10-29 10:45:38.275 [main] INFO  [gateway-service,,] o.s.c.n.e.s.EurekaAutoServiceRegistration - Updating port to 9093
2025-10-29 10:45:38.479 [main] INFO  [gateway-service,,] c.d.g.GatewayServiceApplication - Started GatewayServiceApplication in 9.539 seconds (process running for 10.947)
2025-10-29 10:46:08.057 [DiscoveryClient-CacheRefreshExecutor-%d] INFO  [gateway-service,,] c.netflix.discovery.DiscoveryClient - Disable delta property : false
2025-10-29 10:46:08.057 [DiscoveryClient-CacheRefreshExecutor-%d] INFO  [gateway-service,,] c.netflix.discovery.DiscoveryClient - Single vip registry refresh property : null
2025-10-29 10:46:08.057 [DiscoveryClient-CacheRefreshExecutor-%d] INFO  [gateway-service,,] c.netflix.discovery.DiscoveryClient - Force full registry fetch : false
2025-10-29 10:46:08.057 [DiscoveryClient-CacheRefreshExecutor-%d] INFO  [gateway-service,,] c.netflix.discovery.DiscoveryClient - Application is null : false
2025-10-29 10:46:08.057 [DiscoveryClient-CacheRefreshExecutor-%d] INFO  [gateway-service,,] c.netflix.discovery.DiscoveryClient - Registered Applications size is zero : true
2025-10-29 10:46:08.057 [DiscoveryClient-CacheRefreshExecutor-%d] INFO  [gateway-service,,] c.netflix.discovery.DiscoveryClient - Application version is -1: false
2025-10-29 10:46:08.057 [DiscoveryClient-CacheRefreshExecutor-%d] INFO  [gateway-service,,] c.netflix.discovery.DiscoveryClient - Getting all instance registry info from the eureka server
2025-10-29 10:46:08.087 [DiscoveryClient-CacheRefreshExecutor-%d] INFO  [gateway-service,,] c.netflix.discovery.DiscoveryClient - The response status is 200
2025-10-29 10:48:42.083 [reactor-http-nio-4] INFO  [gateway-service,,] c.d.g.f.ResponseLoggingPostFilter - Response Status Code: 200 OK
2025-10-29 10:48:43.062 [reactor-http-nio-2] INFO  [gateway-service,,] c.d.g.f.ResponseLoggingPostFilter - Response Status Code: 200 OK
2025-10-29 10:48:49.746 [reactor-http-nio-2] INFO  [gateway-service,,] c.d.g.f.ResponseLoggingPostFilter - Response Status Code: 200 OK
2025-10-29 10:48:51.051 [reactor-http-nio-2] INFO  [gateway-service,,] c.d.g.f.ResponseLoggingPostFilter - Response Status Code: 200 OK
2025-10-29 10:48:51.949 [reactor-http-nio-2] INFO  [gateway-service,,] c.d.g.f.ResponseLoggingPostFilter - Response Status Code: 200 OK
2025-10-29 10:48:52.765 [reactor-http-nio-2] INFO  [gateway-service,,] c.d.g.f.ResponseLoggingPostFilter - Response Status Code: 200 OK
2025-10-29 10:48:53.657 [reactor-http-nio-2] INFO  [gateway-service,,] c.d.g.f.ResponseLoggingPostFilter - Response Status Code: 200 OK
2025-10-29 10:48:54.599 [reactor-http-nio-2] INFO  [gateway-service,,] c.d.g.f.ResponseLoggingPostFilter - Response Status Code: 200 OK
2025-10-29 10:48:56.521 [reactor-http-nio-2] INFO  [gateway-service,,] c.d.g.f.ResponseLoggingPostFilter - Response Status Code: 200 OK
2025-10-29 10:48:57.724 [reactor-http-nio-2] INFO  [gateway-service,,] c.d.g.f.ResponseLoggingPostFilter - Response Status Code: 200 OK
2025-10-29 10:48:59.014 [reactor-http-nio-2] INFO  [gateway-service,,] c.d.g.f.ResponseLoggingPostFilter - Response Status Code: 200 OK
2025-10-29 10:49:00.268 [reactor-http-nio-2] INFO  [gateway-service,,] c.d.g.f.ResponseLoggingPostFilter - Response Status Code: 200 OK
2025-10-29 10:49:01.654 [reactor-http-nio-2] INFO  [gateway-service,,] c.d.g.f.ResponseLoggingPostFilter - Response Status Code: 200 OK
2025-10-29 10:49:03.171 [reactor-http-nio-2] INFO  [gateway-service,,] c.d.g.f.ResponseLoggingPostFilter - Response Status Code: 200 OK
2025-10-29 10:49:22.062 [reactor-http-nio-4] INFO  [gateway-service,,] c.d.g.f.ResponseLoggingPostFilter - Response Status Code: 200 OK
2025-10-29 10:49:22.154 [reactor-http-nio-2] INFO  [gateway-service,,] c.d.g.f.ResponseLoggingPostFilter - Response Status Code: 200 OK
2025-10-29 10:49:28.721 [reactor-http-nio-2] INFO  [gateway-service,,] c.d.g.f.ResponseLoggingPostFilter - Response Status Code: 200 OK
2025-10-29 10:49:29.746 [reactor-http-nio-2] INFO  [gateway-service,,] c.d.g.f.ResponseLoggingPostFilter - Response Status Code: 200 OK
2025-10-29 10:49:30.649 [reactor-http-nio-2] INFO  [gateway-service,,] c.d.g.f.ResponseLoggingPostFilter - Response Status Code: 200 OK
2025-10-29 10:49:31.346 [reactor-http-nio-2] INFO  [gateway-service,,] c.d.g.f.ResponseLoggingPostFilter - Response Status Code: 200 OK
2025-10-29 10:49:32.035 [reactor-http-nio-2] INFO  [gateway-service,,] c.d.g.f.ResponseLoggingPostFilter - Response Status Code: 200 OK
2025-10-29 10:50:37.672 [AsyncResolver-bootstrap-executor-%d] INFO  [gateway-service,,] c.n.d.s.r.aws.ConfigClusterResolver - Resolving eureka endpoints via configuration
2025-10-29 10:55:37.677 [AsyncResolver-bootstrap-executor-%d] INFO  [gateway-service,,] c.n.d.s.r.aws.ConfigClusterResolver - Resolving eureka endpoints via configuration
2025-10-29 11:00:28.631 [reactor-http-nio-5] INFO  [gateway-service,,] c.d.g.f.ResponseLoggingPostFilter - Response Status Code: 200 OK
2025-10-29 11:00:37.682 [AsyncResolver-bootstrap-executor-%d] INFO  [gateway-service,,] c.n.d.s.r.aws.ConfigClusterResolver - Resolving eureka endpoints via configuration
2025-10-29 11:00:43.285 [reactor-http-nio-6] INFO  [gateway-service,,] c.d.g.f.ResponseLoggingPostFilter - Response Status Code: 200 OK
2025-10-29 11:00:43.374 [reactor-http-nio-5] INFO  [gateway-service,,] c.d.g.f.ResponseLoggingPostFilter - Response Status Code: 200 OK
2025-10-29 11:00:46.953 [reactor-http-nio-5] INFO  [gateway-service,,] c.d.g.f.ResponseLoggingPostFilter - Response Status Code: 200 OK
2025-10-29 11:00:49.052 [reactor-http-nio-5] INFO  [gateway-service,,] c.d.g.f.ResponseLoggingPostFilter - Response Status Code: 200 OK
2025-10-29 11:00:50.723 [reactor-http-nio-5] INFO  [gateway-service,,] c.d.g.f.ResponseLoggingPostFilter - Response Status Code: 200 OK
2025-10-29 11:00:52.632 [reactor-http-nio-5] INFO  [gateway-service,,] c.d.g.f.ResponseLoggingPostFilter - Response Status Code: 200 OK
2025-10-29 11:01:15.729 [reactor-http-nio-5] INFO  [gateway-service,,] c.d.g.f.ResponseLoggingPostFilter - Response Status Code: 200 OK
2025-10-29 11:01:15.834 [reactor-http-nio-5] INFO  [gateway-service,,] c.d.g.f.ResponseLoggingPostFilter - Response Status Code: 200 OK
2025-10-29 11:01:19.528 [reactor-http-nio-5] INFO  [gateway-service,,] c.d.g.f.ResponseLoggingPostFilter - Response Status Code: 200 OK
2025-10-29 11:01:23.463 [reactor-http-nio-5] INFO  [gateway-service,,] c.d.g.f.ResponseLoggingPostFilter - Response Status Code: 200 OK
2025-10-29 11:01:23.498 [reactor-http-nio-5] INFO  [gateway-service,,] c.d.g.f.ResponseLoggingPostFilter - Response Status Code: 200 OK
2025-10-29 11:01:28.100 [reactor-http-nio-5] INFO  [gateway-service,,] c.d.g.f.ResponseLoggingPostFilter - Response Status Code: 200 OK
2025-10-29 11:01:33.786 [reactor-http-nio-5] INFO  [gateway-service,,] c.d.g.f.ResponseLoggingPostFilter - Response Status Code: 200 OK
2025-10-29 11:02:14.580 [reactor-http-nio-5] INFO  [gateway-service,,] c.d.g.f.ResponseLoggingPostFilter - Response Status Code: 200 OK
2025-10-29 11:02:22.705 [reactor-http-nio-5] INFO  [gateway-service,,] c.d.g.f.ResponseLoggingPostFilter - Response Status Code: 200 OK
2025-10-29 11:05:37.687 [AsyncResolver-bootstrap-executor-%d] INFO  [gateway-service,,] c.n.d.s.r.aws.ConfigClusterResolver - Resolving eureka endpoints via configuration
2025-10-29 11:05:52.784 [reactor-http-nio-7] INFO  [gateway-service,,] c.d.g.f.ResponseLoggingPostFilter - Response Status Code: 200 OK
2025-10-29 11:06:01.375 [reactor-http-nio-7] INFO  [gateway-service,,] c.d.g.f.ResponseLoggingPostFilter - Response Status Code: 200 OK
2025-10-29 11:10:37.694 [AsyncResolver-bootstrap-executor-%d] INFO  [gateway-service,,] c.n.d.s.r.aws.ConfigClusterResolver - Resolving eureka endpoints via configuration
2025-10-29 11:15:37.709 [AsyncResolver-bootstrap-executor-%d] INFO  [gateway-service,,] c.n.d.s.r.aws.ConfigClusterResolver - Resolving eureka endpoints via configuration
2025-10-29 11:20:37.723 [AsyncResolver-bootstrap-executor-%d] INFO  [gateway-service,,] c.n.d.s.r.aws.ConfigClusterResolver - Resolving eureka endpoints via configuration
2025-10-29 11:25:37.725 [AsyncResolver-bootstrap-executor-%d] INFO  [gateway-service,,] c.n.d.s.r.aws.ConfigClusterResolver - Resolving eureka endpoints via configuration
2025-10-29 11:30:37.738 [AsyncResolver-bootstrap-executor-%d] INFO  [gateway-service,,] c.n.d.s.r.aws.ConfigClusterResolver - Resolving eureka endpoints via configuration
2025-10-29 11:35:37.751 [AsyncResolver-bootstrap-executor-%d] INFO  [gateway-service,,] c.n.d.s.r.aws.ConfigClusterResolver - Resolving eureka endpoints via configuration
2025-10-29 11:40:37.756 [AsyncResolver-bootstrap-executor-%d] INFO  [gateway-service,,] c.n.d.s.r.aws.ConfigClusterResolver - Resolving eureka endpoints via configuration
2025-10-29 11:45:37.764 [AsyncResolver-bootstrap-executor-%d] INFO  [gateway-service,,] c.n.d.s.r.aws.ConfigClusterResolver - Resolving eureka endpoints via configuration
2025-10-29 11:50:37.781 [AsyncResolver-bootstrap-executor-%d] INFO  [gateway-service,,] c.n.d.s.r.aws.ConfigClusterResolver - Resolving eureka endpoints via configuration
2025-10-29 11:55:37.795 [AsyncResolver-bootstrap-executor-%d] INFO  [gateway-service,,] c.n.d.s.r.aws.ConfigClusterResolver - Resolving eureka endpoints via configuration
2025-10-29 12:00:37.810 [AsyncResolver-bootstrap-executor-%d] INFO  [gateway-service,,] c.n.d.s.r.aws.ConfigClusterResolver - Resolving eureka endpoints via configuration
2025-10-29 12:05:37.823 [AsyncResolver-bootstrap-executor-%d] INFO  [gateway-service,,] c.n.d.s.r.aws.ConfigClusterResolver - Resolving eureka endpoints via configuration
2025-10-29 12:10:37.834 [AsyncResolver-bootstrap-executor-%d] INFO  [gateway-service,,] c.n.d.s.r.aws.ConfigClusterResolver - Resolving eureka endpoints via configuration
2025-10-29 12:15:37.835 [AsyncResolver-bootstrap-executor-%d] INFO  [gateway-service,,] c.n.d.s.r.aws.ConfigClusterResolver - Resolving eureka endpoints via configuration
2025-10-29 12:20:37.842 [AsyncResolver-bootstrap-executor-%d] INFO  [gateway-service,,] c.n.d.s.r.aws.ConfigClusterResolver - Resolving eureka endpoints via configuration
2025-10-29 12:25:37.847 [AsyncResolver-bootstrap-executor-%d] INFO  [gateway-service,,] c.n.d.s.r.aws.ConfigClusterResolver - Resolving eureka endpoints via configuration
2025-10-29 12:30:37.857 [AsyncResolver-bootstrap-executor-%d] INFO  [gateway-service,,] c.n.d.s.r.aws.ConfigClusterResolver - Resolving eureka endpoints via configuration
2025-10-29 12:35:31.542 [SpringApplicationShutdownHook] INFO  [gateway-service,,] o.s.c.n.e.s.EurekaServiceRegistry - Unregistering application GATEWAY-SERVICE with eureka with status DOWN
2025-10-29 12:35:31.542 [SpringApplicationShutdownHook] INFO  [gateway-service,,] c.netflix.discovery.DiscoveryClient - Saw local status change event StatusChangeEvent [timestamp=1761723331542, current=DOWN, previous=UP]
2025-10-29 12:35:31.559 [SpringApplicationShutdownHook] INFO  [gateway-service,,] o.s.b.w.e.netty.GracefulShutdown - Commencing graceful shutdown. Waiting for active requests to complete
2025-10-29 12:35:31.590 [DiscoveryClient-InstanceInfoReplicator-%d] INFO  [gateway-service,,] c.netflix.discovery.DiscoveryClient - DiscoveryClient_GATEWAY-SERVICE/192.168.10.7:gateway-service:9093: registering service...
2025-10-29 12:35:31.698 [DiscoveryClient-InstanceInfoReplicator-%d] INFO  [gateway-service,,] c.netflix.discovery.DiscoveryClient - DiscoveryClient_GATEWAY-SERVICE/192.168.10.7:gateway-service:9093 - registration status: 204
2025-10-29 12:35:31.723 [netty-shutdown] INFO  [gateway-service,,] o.s.b.w.e.netty.GracefulShutdown - Graceful shutdown complete
2025-10-29 12:35:33.817 [SpringApplicationShutdownHook] INFO  [gateway-service,,] c.netflix.discovery.DiscoveryClient - Shutting down DiscoveryClient ...
2025-10-29 12:35:36.822 [SpringApplicationShutdownHook] INFO  [gateway-service,,] c.netflix.discovery.DiscoveryClient - Unregistering ...
2025-10-29 12:35:36.846 [SpringApplicationShutdownHook] INFO  [gateway-service,,] c.n.d.s.t.d.RedirectingEurekaHttpClient - Request execution error. endpoint=DefaultEndpoint{ serviceUrl='http://localhost:9092/eureka/} exception=I/O error on DELETE request for "http://localhost:9092/eureka/apps/GATEWAY-SERVICE/192.168.10.7:gateway-service:9093": Connect to http://localhost:9092 failed: Connection refused: no further information stacktrace=org.springframework.web.client.ResourceAccessException: I/O error on DELETE request for "http://localhost:9092/eureka/apps/GATEWAY-SERVICE/192.168.10.7:gateway-service:9093": Connect to http://localhost:9092 failed: Connection refused: no further information
	at org.springframework.web.client.RestTemplate.createResourceAccessException(RestTemplate.java:926)
	at org.springframework.web.client.RestTemplate.doExecute(RestTemplate.java:906)
	at org.springframework.web.client.RestTemplate.execute(RestTemplate.java:841)
	at org.springframework.web.client.RestTemplate.exchange(RestTemplate.java:702)
	at org.springframework.cloud.netflix.eureka.http.RestTemplateEurekaHttpClient.cancel(RestTemplateEurekaHttpClient.java:100)
	at com.netflix.discovery.shared.transport.decorator.EurekaHttpClientDecorator$2.execute(EurekaHttpClientDecorator.java:74)
	at com.netflix.discovery.shared.transport.decorator.RedirectingEurekaHttpClient.execute(RedirectingEurekaHttpClient.java:91)
	at com.netflix.discovery.shared.transport.decorator.EurekaHttpClientDecorator.cancel(EurekaHttpClientDecorator.java:71)
	at com.netflix.discovery.shared.transport.decorator.EurekaHttpClientDecorator$2.execute(EurekaHttpClientDecorator.java:74)
	at com.netflix.discovery.shared.transport.decorator.RetryableEurekaHttpClient.execute(RetryableEurekaHttpClient.java:120)
	at com.netflix.discovery.shared.transport.decorator.EurekaHttpClientDecorator.cancel(EurekaHttpClientDecorator.java:71)
	at com.netflix.discovery.shared.transport.decorator.EurekaHttpClientDecorator$2.execute(EurekaHttpClientDecorator.java:74)
	at com.netflix.discovery.shared.transport.decorator.SessionedEurekaHttpClient.execute(SessionedEurekaHttpClient.java:76)
	at com.netflix.discovery.shared.transport.decorator.EurekaHttpClientDecorator.cancel(EurekaHttpClientDecorator.java:71)
	at com.netflix.discovery.DiscoveryClient.unregister(DiscoveryClient.java:919)
	at com.netflix.discovery.DiscoveryClient.shutdown(DiscoveryClient.java:900)
	at java.base/jdk.internal.reflect.NativeMethodAccessorImpl.invoke0(Native Method)
	at java.base/jdk.internal.reflect.NativeMethodAccessorImpl.invoke(NativeMethodAccessorImpl.java:77)
	at java.base/jdk.internal.reflect.DelegatingMethodAccessorImpl.invoke(DelegatingMethodAccessorImpl.java:43)
	at java.base/java.lang.reflect.Method.invoke(Method.java:568)
	at org.springframework.beans.factory.annotation.InitDestroyAnnotationBeanPostProcessor$LifecycleMethod.invoke(InitDestroyAnnotationBeanPostProcessor.java:457)
	at org.springframework.beans.factory.annotation.InitDestroyAnnotationBeanPostProcessor$LifecycleMetadata.invokeDestroyMethods(InitDestroyAnnotationBeanPostProcessor.java:415)
	at org.springframework.beans.factory.annotation.InitDestroyAnnotationBeanPostProcessor.postProcessBeforeDestruction(InitDestroyAnnotationBeanPostProcessor.java:239)
	at org.springframework.beans.factory.support.DisposableBeanAdapter.destroy(DisposableBeanAdapter.java:203)
	at org.springframework.beans.factory.support.DisposableBeanAdapter.run(DisposableBeanAdapter.java:196)
	at org.springframework.cloud.context.scope.GenericScope$BeanLifecycleWrapper.destroy(GenericScope.java:387)
	at org.springframework.cloud.context.scope.GenericScope.destroy(GenericScope.java:134)
	at org.springframework.beans.factory.support.DisposableBeanAdapter.destroy(DisposableBeanAdapter.java:212)
	at org.springframework.beans.factory.support.DefaultSingletonBeanRegistry.destroyBean(DefaultSingletonBeanRegistry.java:798)
	at org.springframework.beans.factory.support.DefaultSingletonBeanRegistry.destroySingleton(DefaultSingletonBeanRegistry.java:748)
	at org.springframework.beans.factory.support.DefaultListableBeanFactory.destroySingleton(DefaultListableBeanFactory.java:1489)
	at org.springframework.beans.factory.support.DefaultSingletonBeanRegistry.destroySingletons(DefaultSingletonBeanRegistry.java:707)
	at org.springframework.beans.factory.support.DefaultListableBeanFactory.destroySingletons(DefaultListableBeanFactory.java:1482)
	at org.springframework.context.support.AbstractApplicationContext.destroyBeans(AbstractApplicationContext.java:1219)
	at org.springframework.context.support.AbstractApplicationContext.doClose(AbstractApplicationContext.java:1180)
	at org.springframework.boot.web.reactive.context.ReactiveWebServerApplicationContext.doClose(ReactiveWebServerApplicationContext.java:155)
	at org.springframework.context.support.AbstractApplicationContext.close(AbstractApplicationContext.java:1126)
	at org.springframework.boot.SpringApplicationShutdownHook.closeAndWait(SpringApplicationShutdownHook.java:147)
	at java.base/java.lang.Iterable.forEach(Iterable.java:75)
	at org.springframework.boot.SpringApplicationShutdownHook.run(SpringApplicationShutdownHook.java:116)
	at java.base/java.lang.Thread.run(Thread.java:842)
Caused by: org.apache.hc.client5.http.HttpHostConnectException: Connect to http://localhost:9092 failed: Connection refused: no further information
	at java.base/sun.nio.ch.Net.pollConnect(Native Method)
	at java.base/sun.nio.ch.Net.pollConnectNow(Net.java:672)
	at java.base/sun.nio.ch.NioSocketImpl.timedFinishConnect(NioSocketImpl.java:547)
	at java.base/sun.nio.ch.NioSocketImpl.connect(NioSocketImpl.java:602)
	at java.base/java.net.SocksSocketImpl.connect(SocksSocketImpl.java:327)
	at java.base/java.net.Socket.connect(Socket.java:633)
	at org.apache.hc.client5.http.impl.io.DefaultHttpClientConnectionOperator.connect(DefaultHttpClientConnectionOperator.java:205)
	at org.apache.hc.client5.http.impl.io.PoolingHttpClientConnectionManager.connect(PoolingHttpClientConnectionManager.java:490)
	at org.apache.hc.client5.http.impl.classic.InternalExecRuntime.connectEndpoint(InternalExecRuntime.java:164)
	at org.apache.hc.client5.http.impl.classic.InternalExecRuntime.connectEndpoint(InternalExecRuntime.java:174)
	at org.apache.hc.client5.http.impl.classic.ConnectExec.execute(ConnectExec.java:144)
	at org.apache.hc.client5.http.impl.classic.ExecChainElement.execute(ExecChainElement.java:51)
	at org.apache.hc.client5.http.impl.classic.ProtocolExec.execute(ProtocolExec.java:195)
	at org.apache.hc.client5.http.impl.classic.ExecChainElement.execute(ExecChainElement.java:51)
	at org.apache.hc.client5.http.impl.classic.ContentCompressionExec.execute(ContentCompressionExec.java:150)
	at org.apache.hc.client5.http.impl.classic.ExecChainElement.execute(ExecChainElement.java:51)
	at org.apache.hc.client5.http.impl.classic.HttpRequestRetryExec.execute(HttpRequestRetryExec.java:113)
	at org.apache.hc.client5.http.impl.classic.ExecChainElement.execute(ExecChainElement.java:51)
	at org.apache.hc.client5.http.impl.classic.RedirectExec.execute(RedirectExec.java:110)
	at org.apache.hc.client5.http.impl.classic.ExecChainElement.execute(ExecChainElement.java:51)
	at org.apache.hc.client5.http.impl.classic.InternalHttpClient.doExecute(InternalHttpClient.java:185)
	at org.apache.hc.client5.http.impl.classic.CloseableHttpClient.execute(CloseableHttpClient.java:87)
	at org.apache.hc.client5.http.impl.classic.CloseableHttpClient.execute(CloseableHttpClient.java:55)
	at org.apache.hc.client5.http.classic.HttpClient.executeOpen(HttpClient.java:183)
	at org.springframework.http.client.HttpComponentsClientHttpRequest.executeInternal(HttpComponentsClientHttpRequest.java:99)
	at org.springframework.http.client.AbstractStreamingClientHttpRequest.executeInternal(AbstractStreamingClientHttpRequest.java:71)
	at org.springframework.http.client.AbstractClientHttpRequest.execute(AbstractClientHttpRequest.java:81)
	at org.springframework.http.client.InterceptingClientHttpRequest$InterceptingRequestExecution.execute(InterceptingClientHttpRequest.java:117)
	at org.springframework.cloud.netflix.eureka.http.RestTemplateTransportClientFactory.lambda$restTemplate$2(RestTemplateTransportClientFactory.java:145)
	at org.springframework.http.client.InterceptingClientHttpRequest$InterceptingRequestExecution.execute(InterceptingClientHttpRequest.java:88)
	at org.springframework.http.client.InterceptingClientHttpRequest.executeInternal(InterceptingClientHttpRequest.java:72)
	at org.springframework.http.client.AbstractBufferingClientHttpRequest.executeInternal(AbstractBufferingClientHttpRequest.java:48)
	at org.springframework.http.client.AbstractClientHttpRequest.execute(AbstractClientHttpRequest.java:81)
	at org.springframework.web.client.RestTemplate.doExecute(RestTemplate.java:900)
	... 39 more

2025-10-29 12:35:36.847 [SpringApplicationShutdownHook] WARN  [gateway-service,,] c.n.d.s.t.d.RetryableEurekaHttpClient - Request execution failed with message: I/O error on DELETE request for "http://localhost:9092/eureka/apps/GATEWAY-SERVICE/192.168.10.7:gateway-service:9093": Connect to http://localhost:9092 failed: Connection refused: no further information
2025-10-29 12:35:36.870 [SpringApplicationShutdownHook] INFO  [gateway-service,,] c.n.d.s.t.d.RedirectingEurekaHttpClient - Request execution error. endpoint=DefaultEndpoint{ serviceUrl='http://localhost:9092/eureka/}, exception=I/O error on DELETE request for "http://localhost:9092/eureka/apps/GATEWAY-SERVICE/192.168.10.7:gateway-service:9093": Connect to http://localhost:9092 failed: Connection refused: no further information stacktrace=org.springframework.web.client.ResourceAccessException: I/O error on DELETE request for "http://localhost:9092/eureka/apps/GATEWAY-SERVICE/192.168.10.7:gateway-service:9093": Connect to http://localhost:9092 failed: Connection refused: no further information
	at org.springframework.web.client.RestTemplate.createResourceAccessException(RestTemplate.java:926)
	at org.springframework.web.client.RestTemplate.doExecute(RestTemplate.java:906)
	at org.springframework.web.client.RestTemplate.execute(RestTemplate.java:841)
	at org.springframework.web.client.RestTemplate.exchange(RestTemplate.java:702)
	at org.springframework.cloud.netflix.eureka.http.RestTemplateEurekaHttpClient.cancel(RestTemplateEurekaHttpClient.java:100)
	at com.netflix.discovery.shared.transport.decorator.EurekaHttpClientDecorator$2.execute(EurekaHttpClientDecorator.java:74)
	at com.netflix.discovery.shared.transport.decorator.RedirectingEurekaHttpClient.executeOnNewServer(RedirectingEurekaHttpClient.java:121)
	at com.netflix.discovery.shared.transport.decorator.RedirectingEurekaHttpClient.execute(RedirectingEurekaHttpClient.java:80)
	at com.netflix.discovery.shared.transport.decorator.EurekaHttpClientDecorator.cancel(EurekaHttpClientDecorator.java:71)
	at com.netflix.discovery.shared.transport.decorator.EurekaHttpClientDecorator$2.execute(EurekaHttpClientDecorator.java:74)
	at com.netflix.discovery.shared.transport.decorator.RetryableEurekaHttpClient.execute(RetryableEurekaHttpClient.java:120)
	at com.netflix.discovery.shared.transport.decorator.EurekaHttpClientDecorator.cancel(EurekaHttpClientDecorator.java:71)
	at com.netflix.discovery.shared.transport.decorator.EurekaHttpClientDecorator$2.execute(EurekaHttpClientDecorator.java:74)
	at com.netflix.discovery.shared.transport.decorator.SessionedEurekaHttpClient.execute(SessionedEurekaHttpClient.java:76)
	at com.netflix.discovery.shared.transport.decorator.EurekaHttpClientDecorator.cancel(EurekaHttpClientDecorator.java:71)
	at com.netflix.discovery.DiscoveryClient.unregister(DiscoveryClient.java:919)
	at com.netflix.discovery.DiscoveryClient.shutdown(DiscoveryClient.java:900)
	at java.base/jdk.internal.reflect.NativeMethodAccessorImpl.invoke0(Native Method)
	at java.base/jdk.internal.reflect.NativeMethodAccessorImpl.invoke(NativeMethodAccessorImpl.java:77)
	at java.base/jdk.internal.reflect.DelegatingMethodAccessorImpl.invoke(DelegatingMethodAccessorImpl.java:43)
	at java.base/java.lang.reflect.Method.invoke(Method.java:568)
	at org.springframework.beans.factory.annotation.InitDestroyAnnotationBeanPostProcessor$LifecycleMethod.invoke(InitDestroyAnnotationBeanPostProcessor.java:457)
	at org.springframework.beans.factory.annotation.InitDestroyAnnotationBeanPostProcessor$LifecycleMetadata.invokeDestroyMethods(InitDestroyAnnotationBeanPostProcessor.java:415)
	at org.springframework.beans.factory.annotation.InitDestroyAnnotationBeanPostProcessor.postProcessBeforeDestruction(InitDestroyAnnotationBeanPostProcessor.java:239)
	at org.springframework.beans.factory.support.DisposableBeanAdapter.destroy(DisposableBeanAdapter.java:203)
	at org.springframework.beans.factory.support.DisposableBeanAdapter.run(DisposableBeanAdapter.java:196)
	at org.springframework.cloud.context.scope.GenericScope$BeanLifecycleWrapper.destroy(GenericScope.java:387)
	at org.springframework.cloud.context.scope.GenericScope.destroy(GenericScope.java:134)
	at org.springframework.beans.factory.support.DisposableBeanAdapter.destroy(DisposableBeanAdapter.java:212)
	at org.springframework.beans.factory.support.DefaultSingletonBeanRegistry.destroyBean(DefaultSingletonBeanRegistry.java:798)
	at org.springframework.beans.factory.support.DefaultSingletonBeanRegistry.destroySingleton(DefaultSingletonBeanRegistry.java:748)
	at org.springframework.beans.factory.support.DefaultListableBeanFactory.destroySingleton(DefaultListableBeanFactory.java:1489)
	at org.springframework.beans.factory.support.DefaultSingletonBeanRegistry.destroySingletons(DefaultSingletonBeanRegistry.java:707)
	at org.springframework.beans.factory.support.DefaultListableBeanFactory.destroySingletons(DefaultListableBeanFactory.java:1482)
	at org.springframework.context.support.AbstractApplicationContext.destroyBeans(AbstractApplicationContext.java:1219)
	at org.springframework.context.support.AbstractApplicationContext.doClose(AbstractApplicationContext.java:1180)
	at org.springframework.boot.web.reactive.context.ReactiveWebServerApplicationContext.doClose(ReactiveWebServerApplicationContext.java:155)
	at org.springframework.context.support.AbstractApplicationContext.close(AbstractApplicationContext.java:1126)
	at org.springframework.boot.SpringApplicationShutdownHook.closeAndWait(SpringApplicationShutdownHook.java:147)
	at java.base/java.lang.Iterable.forEach(Iterable.java:75)
	at org.springframework.boot.SpringApplicationShutdownHook.run(SpringApplicationShutdownHook.java:116)
	at java.base/java.lang.Thread.run(Thread.java:842)
Caused by: org.apache.hc.client5.http.HttpHostConnectException: Connect to http://localhost:9092 failed: Connection refused: no further information
	at java.base/sun.nio.ch.Net.pollConnect(Native Method)
	at java.base/sun.nio.ch.Net.pollConnectNow(Net.java:672)
	at java.base/sun.nio.ch.NioSocketImpl.timedFinishConnect(NioSocketImpl.java:547)
	at java.base/sun.nio.ch.NioSocketImpl.connect(NioSocketImpl.java:602)
	at java.base/java.net.SocksSocketImpl.connect(SocksSocketImpl.java:327)
	at java.base/java.net.Socket.connect(Socket.java:633)
	at org.apache.hc.client5.http.impl.io.DefaultHttpClientConnectionOperator.connect(DefaultHttpClientConnectionOperator.java:205)
	at org.apache.hc.client5.http.impl.io.PoolingHttpClientConnectionManager.connect(PoolingHttpClientConnectionManager.java:490)
	at org.apache.hc.client5.http.impl.classic.InternalExecRuntime.connectEndpoint(InternalExecRuntime.java:164)
	at org.apache.hc.client5.http.impl.classic.InternalExecRuntime.connectEndpoint(InternalExecRuntime.java:174)
	at org.apache.hc.client5.http.impl.classic.ConnectExec.execute(ConnectExec.java:144)
	at org.apache.hc.client5.http.impl.classic.ExecChainElement.execute(ExecChainElement.java:51)
	at org.apache.hc.client5.http.impl.classic.ProtocolExec.execute(ProtocolExec.java:195)
	at org.apache.hc.client5.http.impl.classic.ExecChainElement.execute(ExecChainElement.java:51)
	at org.apache.hc.client5.http.impl.classic.ContentCompressionExec.execute(ContentCompressionExec.java:150)
	at org.apache.hc.client5.http.impl.classic.ExecChainElement.execute(ExecChainElement.java:51)
	at org.apache.hc.client5.http.impl.classic.HttpRequestRetryExec.execute(HttpRequestRetryExec.java:113)
	at org.apache.hc.client5.http.impl.classic.ExecChainElement.execute(ExecChainElement.java:51)
	at org.apache.hc.client5.http.impl.classic.RedirectExec.execute(RedirectExec.java:110)
	at org.apache.hc.client5.http.impl.classic.ExecChainElement.execute(ExecChainElement.java:51)
	at org.apache.hc.client5.http.impl.classic.InternalHttpClient.doExecute(InternalHttpClient.java:185)
	at org.apache.hc.client5.http.impl.classic.CloseableHttpClient.execute(CloseableHttpClient.java:87)
	at org.apache.hc.client5.http.impl.classic.CloseableHttpClient.execute(CloseableHttpClient.java:55)
	at org.apache.hc.client5.http.classic.HttpClient.executeOpen(HttpClient.java:183)
	at org.springframework.http.client.HttpComponentsClientHttpRequest.executeInternal(HttpComponentsClientHttpRequest.java:99)
	at org.springframework.http.client.AbstractStreamingClientHttpRequest.executeInternal(AbstractStreamingClientHttpRequest.java:71)
	at org.springframework.http.client.AbstractClientHttpRequest.execute(AbstractClientHttpRequest.java:81)
	at org.springframework.http.client.InterceptingClientHttpRequest$InterceptingRequestExecution.execute(InterceptingClientHttpRequest.java:117)
	at org.springframework.cloud.netflix.eureka.http.RestTemplateTransportClientFactory.lambda$restTemplate$2(RestTemplateTransportClientFactory.java:145)
	at org.springframework.http.client.InterceptingClientHttpRequest$InterceptingRequestExecution.execute(InterceptingClientHttpRequest.java:88)
	at org.springframework.http.client.InterceptingClientHttpRequest.executeInternal(InterceptingClientHttpRequest.java:72)
	at org.springframework.http.client.AbstractBufferingClientHttpRequest.executeInternal(AbstractBufferingClientHttpRequest.java:48)
	at org.springframework.http.client.AbstractClientHttpRequest.execute(AbstractClientHttpRequest.java:81)
	at org.springframework.web.client.RestTemplate.doExecute(RestTemplate.java:900)
	... 40 more

2025-10-29 12:35:36.872 [SpringApplicationShutdownHook] WARN  [gateway-service,,] c.n.d.s.t.d.RetryableEurekaHttpClient - Request execution failed with message: I/O error on DELETE request for "http://localhost:9092/eureka/apps/GATEWAY-SERVICE/192.168.10.7:gateway-service:9093": Connect to http://localhost:9092 failed: Connection refused: no further information
2025-10-29 12:35:36.872 [SpringApplicationShutdownHook] ERROR [gateway-service,,] c.netflix.discovery.DiscoveryClient - DiscoveryClient_GATEWAY-SERVICE/192.168.10.7:gateway-service:9093 - de-registration failedCannot execute request on any known server
com.netflix.discovery.shared.transport.TransportException: Cannot execute request on any known server
	at com.netflix.discovery.shared.transport.decorator.RetryableEurekaHttpClient.execute(RetryableEurekaHttpClient.java:112)
	at com.netflix.discovery.shared.transport.decorator.EurekaHttpClientDecorator.cancel(EurekaHttpClientDecorator.java:71)
	at com.netflix.discovery.shared.transport.decorator.EurekaHttpClientDecorator$2.execute(EurekaHttpClientDecorator.java:74)
	at com.netflix.discovery.shared.transport.decorator.SessionedEurekaHttpClient.execute(SessionedEurekaHttpClient.java:76)
	at com.netflix.discovery.shared.transport.decorator.EurekaHttpClientDecorator.cancel(EurekaHttpClientDecorator.java:71)
	at com.netflix.discovery.DiscoveryClient.unregister(DiscoveryClient.java:919)
	at com.netflix.discovery.DiscoveryClient.shutdown(DiscoveryClient.java:900)
	at java.base/jdk.internal.reflect.NativeMethodAccessorImpl.invoke0(Native Method)
	at java.base/jdk.internal.reflect.NativeMethodAccessorImpl.invoke(NativeMethodAccessorImpl.java:77)
	at java.base/jdk.internal.reflect.DelegatingMethodAccessorImpl.invoke(DelegatingMethodAccessorImpl.java:43)
	at java.base/java.lang.reflect.Method.invoke(Method.java:568)
	at org.springframework.beans.factory.annotation.InitDestroyAnnotationBeanPostProcessor$LifecycleMethod.invoke(InitDestroyAnnotationBeanPostProcessor.java:457)
	at org.springframework.beans.factory.annotation.InitDestroyAnnotationBeanPostProcessor$LifecycleMetadata.invokeDestroyMethods(InitDestroyAnnotationBeanPostProcessor.java:415)
	at org.springframework.beans.factory.annotation.InitDestroyAnnotationBeanPostProcessor.postProcessBeforeDestruction(InitDestroyAnnotationBeanPostProcessor.java:239)
	at org.springframework.beans.factory.support.DisposableBeanAdapter.destroy(DisposableBeanAdapter.java:203)
	at org.springframework.beans.factory.support.DisposableBeanAdapter.run(DisposableBeanAdapter.java:196)
	at org.springframework.cloud.context.scope.GenericScope$BeanLifecycleWrapper.destroy(GenericScope.java:387)
	at org.springframework.cloud.context.scope.GenericScope.destroy(GenericScope.java:134)
	at org.springframework.beans.factory.support.DisposableBeanAdapter.destroy(DisposableBeanAdapter.java:212)
	at org.springframework.beans.factory.support.DefaultSingletonBeanRegistry.destroyBean(DefaultSingletonBeanRegistry.java:798)
	at org.springframework.beans.factory.support.DefaultSingletonBeanRegistry.destroySingleton(DefaultSingletonBeanRegistry.java:748)
	at org.springframework.beans.factory.support.DefaultListableBeanFactory.destroySingleton(DefaultListableBeanFactory.java:1489)
	at org.springframework.beans.factory.support.DefaultSingletonBeanRegistry.destroySingletons(DefaultSingletonBeanRegistry.java:707)
	at org.springframework.beans.factory.support.DefaultListableBeanFactory.destroySingletons(DefaultListableBeanFactory.java:1482)
	at org.springframework.context.support.AbstractApplicationContext.destroyBeans(AbstractApplicationContext.java:1219)
	at org.springframework.context.support.AbstractApplicationContext.doClose(AbstractApplicationContext.java:1180)
	at org.springframework.boot.web.reactive.context.ReactiveWebServerApplicationContext.doClose(ReactiveWebServerApplicationContext.java:155)
	at org.springframework.context.support.AbstractApplicationContext.close(AbstractApplicationContext.java:1126)
	at org.springframework.boot.SpringApplicationShutdownHook.closeAndWait(SpringApplicationShutdownHook.java:147)
	at java.base/java.lang.Iterable.forEach(Iterable.java:75)
	at org.springframework.boot.SpringApplicationShutdownHook.run(SpringApplicationShutdownHook.java:116)
	at java.base/java.lang.Thread.run(Thread.java:842)
2025-10-29 12:35:36.875 [SpringApplicationShutdownHook] INFO  [gateway-service,,] c.netflix.discovery.DiscoveryClient - Completed shut down of DiscoveryClient
